#
# There is insufficient memory for the Java Runtime Environment to continue.
# Native memory allocation (malloc) failed to allocate 1644336 bytes for Chunk::new
# Possible reasons:
#   The system is out of physical RAM or swap space
#   The process is running with CompressedOops enabled, and the Java Heap may be blocking the growth of the native heap
# Possible solutions:
#   Reduce memory load on the system
#   Increase physical memory or swap space
#   Check if swap backing store is full
#   Decrease Java heap size (-Xmx/-Xms)
#   Decrease number of Java threads
#   Decrease Java thread stack sizes (-Xss)
#   Set larger code cache with -XX:ReservedCodeCacheSize=
#   JVM is running with Unscaled Compressed Oops mode in which the Java heap is
#     placed in the first 4GB address space. The Java Heap base address is the
#     maximum limit for the native heap growth. Please use -XX:HeapBaseMinAddress
#     to set the Java Heap base and to place the Java Heap above 4GB virtual address.
# This output file may be truncated or incomplete.
#
#  Out of Memory Error (arena.cpp:189), pid=3460, tid=4192
#
# JRE version: OpenJDK Runtime Environment (17.0.6) (build 17.0.6+0-b2043.56-10027231)
# Java VM: OpenJDK 64-Bit Server VM (17.0.6+0-b2043.56-10027231, mixed mode, tiered, compressed oops, compressed class ptrs, g1 gc, windows-amd64)
# No core dump will be written. Minidumps are not enabled by default on client versions of Windows
#

---------------  S U M M A R Y ------------

Command Line: org.jetbrains.kotlin.cli.jvm.K2JVMCompiler @C:\Users\Mess\AndroidStudioProjects\DairyAppgfr\app\build\20231115_3588245750911470710.compiler.options

Host: Intel(R) Core(TM) i5 CPU         760  @ 2.80GHz, 4 cores, 5G,  Windows 10 , 64 bit Build 19041 (10.0.19041.3031)
Time: Wed Nov 15 20:33:27 2023 Russia TZ 2 Standard Time elapsed time: 55.508234 seconds (0d 0h 0m 55s)

---------------  T H R E A D  ---------------

Current thread (0x000001693c54e830):  JavaThread "C2 CompilerThread0" daemon [_thread_in_native, id=4192, stack(0x0000004e99700000,0x0000004e99800000)]


Current CompileTask:
C2:  55508 16081       4       org.jetbrains.kotlin.ir.util.IrFakeOverrideUtilsKt::resolveFakeOverride$default (28 bytes)

Stack: [0x0000004e99700000,0x0000004e99800000]
Native frames: (J=compiled Java code, j=interpreted, Vv=VM code, C=native code)
V  [jvm.dll+0x683c9a]
V  [jvm.dll+0x8427a4]
V  [jvm.dll+0x843f9e]
V  [jvm.dll+0x844603]
V  [jvm.dll+0x249b75]
V  [jvm.dll+0xabcac]
V  [jvm.dll+0xac27c]
V  [jvm.dll+0x368802]
V  [jvm.dll+0x332f31]
V  [jvm.dll+0x3323da]
V  [jvm.dll+0x21c201]
V  [jvm.dll+0x21b621]
V  [jvm.dll+0x1a4fdd]
V  [jvm.dll+0x22b098]
V  [jvm.dll+0x229159]
V  [jvm.dll+0x7f81ec]
V  [jvm.dll+0x7f274a]
V  [jvm.dll+0x682ad5]
C  [ucrtbase.dll+0x21bb2]
C  [KERNEL32.DLL+0x17614]
C  [ntdll.dll+0x526f1]


---------------  P R O C E S S  ---------------

Threads class SMR info:
_java_thread_list=0x000001693d576ca0, length=12, elements={
0x00000169242a3b80, 0x000001693c52e0f0, 0x000001693c52ef60, 0x000001693c589670,
0x000001693c58a220, 0x000001693c54d590, 0x000001693c54db50, 0x000001693c54e830,
0x000001693c54f2d0, 0x000001693c5520d0, 0x000001693d16df80, 0x000001693d172f20
}

Java Threads: ( => current thread )
  0x00000169242a3b80 JavaThread "main" [_thread_in_Java, id=3920, stack(0x0000004e98a00000,0x0000004e98b00000)]
  0x000001693c52e0f0 JavaThread "Reference Handler" daemon [_thread_blocked, id=5356, stack(0x0000004e99100000,0x0000004e99200000)]
  0x000001693c52ef60 JavaThread "Finalizer" daemon [_thread_blocked, id=9140, stack(0x0000004e99200000,0x0000004e99300000)]
  0x000001693c589670 JavaThread "Signal Dispatcher" daemon [_thread_blocked, id=9460, stack(0x0000004e99300000,0x0000004e99400000)]
  0x000001693c58a220 JavaThread "Attach Listener" daemon [_thread_blocked, id=3968, stack(0x0000004e99400000,0x0000004e99500000)]
  0x000001693c54d590 JavaThread "Service Thread" daemon [_thread_blocked, id=5436, stack(0x0000004e99500000,0x0000004e99600000)]
  0x000001693c54db50 JavaThread "Monitor Deflation Thread" daemon [_thread_blocked, id=9800, stack(0x0000004e99600000,0x0000004e99700000)]
=>0x000001693c54e830 JavaThread "C2 CompilerThread0" daemon [_thread_in_native, id=4192, stack(0x0000004e99700000,0x0000004e99800000)]
  0x000001693c54f2d0 JavaThread "C1 CompilerThread0" daemon [_thread_in_vm, id=8580, stack(0x0000004e99800000,0x0000004e99900000)]
  0x000001693c5520d0 JavaThread "Sweeper thread" daemon [_thread_blocked, id=7260, stack(0x0000004e99900000,0x0000004e99a00000)]
  0x000001693d16df80 JavaThread "Notification Thread" daemon [_thread_blocked, id=8140, stack(0x0000004e99a00000,0x0000004e99b00000)]
  0x000001693d172f20 JavaThread "Common-Cleaner" daemon [_thread_blocked, id=3564, stack(0x0000004e99c00000,0x0000004e99d00000)]

Other Threads:
  0x000001693c4e1520 VMThread "VM Thread" [stack: 0x0000004e99000000,0x0000004e99100000] [id=4820]
  0x0000016924303a30 WatcherThread [stack: 0x0000004e99b00000,0x0000004e99c00000] [id=9668]
  0x00000169242ef3b0 GCTaskThread "GC Thread#0" [stack: 0x0000004e98b00000,0x0000004e98c00000] [id=7272]
  0x000001693d649c40 GCTaskThread "GC Thread#1" [stack: 0x0000004e99d00000,0x0000004e99e00000] [id=1100]
  0x000001693d6efa20 GCTaskThread "GC Thread#2" [stack: 0x0000004e99e00000,0x0000004e99f00000] [id=5588]
  0x000001693d6efcd0 GCTaskThread "GC Thread#3" [stack: 0x0000004e99f00000,0x0000004e9a000000] [id=1776]
  0x00000169242fca50 ConcurrentGCThread "G1 Main Marker" [stack: 0x0000004e98c00000,0x0000004e98d00000] [id=7976]
  0x00000169242fd460 ConcurrentGCThread "G1 Conc#0" [stack: 0x0000004e98d00000,0x0000004e98e00000] [id=5924]
  0x000001692435ffe0 ConcurrentGCThread "G1 Refine#0" [stack: 0x0000004e98e00000,0x0000004e98f00000] [id=9540]
  0x000001693ef5d100 ConcurrentGCThread "G1 Refine#1" [stack: 0x0000004e9a000000,0x0000004e9a100000] [id=1800]
  0x0000016924360a00 ConcurrentGCThread "G1 Service" [stack: 0x0000004e98f00000,0x0000004e99000000] [id=9256]

Threads with active compile tasks:
C2 CompilerThread0    55544 16081       4       org.jetbrains.kotlin.ir.util.IrFakeOverrideUtilsKt::resolveFakeOverride$default (28 bytes)
C1 CompilerThread0    55545 16169       3       org.jetbrains.kotlin.backend.common.DeclarationTransformer$Visitor::visitClass (233 bytes)

VM state: not at safepoint (normal execution)

VM Mutex/Monitor currently owned by a thread: None

Heap address: 0x00000000a0200000, size: 1534 MB, Compressed Oops mode: 32-bit

CDS archive(s) not mapped
Compressed class space mapped at: 0x0000000100000000-0x0000000140000000, reserved size: 1073741824
Narrow klass base: 0x0000000000000000, Narrow klass shift: 3, Narrow klass range: 0x140000000

GC Precious Log:
 CPUs: 4 total, 4 available
 Memory: 6134M
 Large Page Support: Disabled
 NUMA Support: Disabled
 Compressed Oops: Enabled (32-bit)
 Heap Region Size: 1M
 Heap Min Capacity: 8M
 Heap Initial Capacity: 96M
 Heap Max Capacity: 1534M
 Pre-touch: Disabled
 Parallel Workers: 4
 Concurrent Workers: 1
 Concurrent Refinement Workers: 4
 Periodic GC: Disabled

Heap:
 garbage-first heap   total 186368K, used 137445K [0x00000000a0200000, 0x0000000100000000)
  region size 1024K, 30 young (30720K), 2 survivors (2048K)
 Metaspace       used 81977K, committed 82368K, reserved 1122304K
  class space    used 8890K, committed 9088K, reserved 1048576K

Heap Regions: E=young(eden), S=young(survivor), O=old, HS=humongous(starts), HC=humongous(continues), CS=collection set, F=free, OA=open archive, CA=closed archive, TAMS=top-at-mark-start (previous, next)
|   0|0x00000000a0200000, 0x00000000a0300000, 0x00000000a0300000|100%|HS|  |TAMS 0x00000000a0300000, 0x00000000a0200000| Complete 
|   1|0x00000000a0300000, 0x00000000a0400000, 0x00000000a0400000|100%|HC|  |TAMS 0x00000000a0400000, 0x00000000a0300000| Complete 
|   2|0x00000000a0400000, 0x00000000a0500000, 0x00000000a0500000|100%|HC|  |TAMS 0x00000000a0500000, 0x00000000a0400000| Complete 
|   3|0x00000000a0500000, 0x00000000a0600000, 0x00000000a0600000|100%|HC|  |TAMS 0x00000000a0600000, 0x00000000a0500000| Complete 
|   4|0x00000000a0600000, 0x00000000a0700000, 0x00000000a0700000|100%| O|  |TAMS 0x00000000a0700000, 0x00000000a0600000| Untracked 
|   5|0x00000000a0700000, 0x00000000a0800000, 0x00000000a0800000|100%| O|  |TAMS 0x00000000a0800000, 0x00000000a0700000| Untracked 
|   6|0x00000000a0800000, 0x00000000a0900000, 0x00000000a0900000|100%|HS|  |TAMS 0x00000000a0900000, 0x00000000a0800000| Complete 
|   7|0x00000000a0900000, 0x00000000a0a00000, 0x00000000a0a00000|100%| O|  |TAMS 0x00000000a0a00000, 0x00000000a0900000| Untracked 
|   8|0x00000000a0a00000, 0x00000000a0b00000, 0x00000000a0b00000|100%| O|  |TAMS 0x00000000a0b00000, 0x00000000a0a00000| Untracked 
|   9|0x00000000a0b00000, 0x00000000a0c00000, 0x00000000a0c00000|100%| O|  |TAMS 0x00000000a0c00000, 0x00000000a0b00000| Untracked 
|  10|0x00000000a0c00000, 0x00000000a0d00000, 0x00000000a0d00000|100%| O|  |TAMS 0x00000000a0d00000, 0x00000000a0c00000| Untracked 
|  11|0x00000000a0d00000, 0x00000000a0e00000, 0x00000000a0e00000|100%| O|  |TAMS 0x00000000a0e00000, 0x00000000a0d00000| Untracked 
|  12|0x00000000a0e00000, 0x00000000a0f00000, 0x00000000a0f00000|100%| O|  |TAMS 0x00000000a0f00000, 0x00000000a0e00000| Untracked 
|  13|0x00000000a0f00000, 0x00000000a1000000, 0x00000000a1000000|100%| O|  |TAMS 0x00000000a1000000, 0x00000000a0f00000| Untracked 
|  14|0x00000000a1000000, 0x00000000a1100000, 0x00000000a1100000|100%| O|  |TAMS 0x00000000a1100000, 0x00000000a1000000| Untracked 
|  15|0x00000000a1100000, 0x00000000a1200000, 0x00000000a1200000|100%| O|  |TAMS 0x00000000a1200000, 0x00000000a1100000| Untracked 
|  16|0x00000000a1200000, 0x00000000a1300000, 0x00000000a1300000|100%| O|  |TAMS 0x00000000a1300000, 0x00000000a1200000| Untracked 
|  17|0x00000000a1300000, 0x00000000a1300000, 0x00000000a1400000|  0%| F|  |TAMS 0x00000000a1300000, 0x00000000a1300000| Untracked 
|  18|0x00000000a1400000, 0x00000000a1500000, 0x00000000a1500000|100%| O|  |TAMS 0x00000000a1500000, 0x00000000a1400000| Untracked 
|  19|0x00000000a1500000, 0x00000000a1600000, 0x00000000a1600000|100%| O|  |TAMS 0x00000000a1600000, 0x00000000a1500000| Untracked 
|  20|0x00000000a1600000, 0x00000000a1700000, 0x00000000a1700000|100%| O|  |TAMS 0x00000000a1700000, 0x00000000a1600000| Untracked 
|  21|0x00000000a1700000, 0x00000000a1800000, 0x00000000a1800000|100%| O|  |TAMS 0x00000000a1800000, 0x00000000a1700000| Untracked 
|  22|0x00000000a1800000, 0x00000000a1900000, 0x00000000a1900000|100%| O|  |TAMS 0x00000000a1900000, 0x00000000a1800000| Untracked 
|  23|0x00000000a1900000, 0x00000000a1a00000, 0x00000000a1a00000|100%| O|  |TAMS 0x00000000a1a00000, 0x00000000a1900000| Untracked 
|  24|0x00000000a1a00000, 0x00000000a1b00000, 0x00000000a1b00000|100%| O|  |TAMS 0x00000000a1b00000, 0x00000000a1a00000| Untracked 
|  25|0x00000000a1b00000, 0x00000000a1c00000, 0x00000000a1c00000|100%|HS|  |TAMS 0x00000000a1c00000, 0x00000000a1b00000| Complete 
|  26|0x00000000a1c00000, 0x00000000a1d00000, 0x00000000a1d00000|100%|HC|  |TAMS 0x00000000a1d00000, 0x00000000a1c00000| Complete 
|  27|0x00000000a1d00000, 0x00000000a1e00000, 0x00000000a1e00000|100%| O|  |TAMS 0x00000000a1e00000, 0x00000000a1d00000| Untracked 
|  28|0x00000000a1e00000, 0x00000000a1f00000, 0x00000000a1f00000|100%| O|  |TAMS 0x00000000a1f00000, 0x00000000a1e00000| Untracked 
|  29|0x00000000a1f00000, 0x00000000a2000000, 0x00000000a2000000|100%| O|  |TAMS 0x00000000a2000000, 0x00000000a1f00000| Untracked 
|  30|0x00000000a2000000, 0x00000000a2100000, 0x00000000a2100000|100%| O|  |TAMS 0x00000000a2100000, 0x00000000a2000000| Untracked 
|  31|0x00000000a2100000, 0x00000000a2200000, 0x00000000a2200000|100%| O|  |TAMS 0x00000000a2200000, 0x00000000a2100000| Untracked 
|  32|0x00000000a2200000, 0x00000000a2300000, 0x00000000a2300000|100%| O|  |TAMS 0x00000000a2300000, 0x00000000a2200000| Untracked 
|  33|0x00000000a2300000, 0x00000000a2400000, 0x00000000a2400000|100%| O|  |TAMS 0x00000000a2400000, 0x00000000a2300000| Untracked 
|  34|0x00000000a2400000, 0x00000000a2500000, 0x00000000a2500000|100%| O|  |TAMS 0x00000000a2500000, 0x00000000a2400000| Untracked 
|  35|0x00000000a2500000, 0x00000000a2600000, 0x00000000a2600000|100%| O|  |TAMS 0x00000000a2600000, 0x00000000a2500000| Untracked 
|  36|0x00000000a2600000, 0x00000000a2700000, 0x00000000a2700000|100%| O|  |TAMS 0x00000000a2700000, 0x00000000a2600000| Untracked 
|  37|0x00000000a2700000, 0x00000000a2800000, 0x00000000a2800000|100%| O|  |TAMS 0x00000000a2800000, 0x00000000a2700000| Untracked 
|  38|0x00000000a2800000, 0x00000000a2900000, 0x00000000a2900000|100%| O|  |TAMS 0x00000000a2900000, 0x00000000a2800000| Untracked 
|  39|0x00000000a2900000, 0x00000000a2a00000, 0x00000000a2a00000|100%| O|  |TAMS 0x00000000a2a00000, 0x00000000a2900000| Untracked 
|  40|0x00000000a2a00000, 0x00000000a2b00000, 0x00000000a2b00000|100%| O|  |TAMS 0x00000000a2b00000, 0x00000000a2a00000| Untracked 
|  41|0x00000000a2b00000, 0x00000000a2c00000, 0x00000000a2c00000|100%| O|  |TAMS 0x00000000a2c00000, 0x00000000a2b00000| Untracked 
|  42|0x00000000a2c00000, 0x00000000a2d00000, 0x00000000a2d00000|100%| O|  |TAMS 0x00000000a2d00000, 0x00000000a2c00000| Untracked 
|  43|0x00000000a2d00000, 0x00000000a2e00000, 0x00000000a2e00000|100%| O|  |TAMS 0x00000000a2e00000, 0x00000000a2d00000| Untracked 
|  44|0x00000000a2e00000, 0x00000000a2f00000, 0x00000000a2f00000|100%| O|  |TAMS 0x00000000a2f00000, 0x00000000a2e00000| Untracked 
|  45|0x00000000a2f00000, 0x00000000a3000000, 0x00000000a3000000|100%| O|  |TAMS 0x00000000a3000000, 0x00000000a2f00000| Untracked 
|  46|0x00000000a3000000, 0x00000000a3100000, 0x00000000a3100000|100%| O|  |TAMS 0x00000000a3100000, 0x00000000a3000000| Untracked 
|  47|0x00000000a3100000, 0x00000000a3200000, 0x00000000a3200000|100%| O|  |TAMS 0x00000000a3200000, 0x00000000a3100000| Untracked 
|  48|0x00000000a3200000, 0x00000000a3300000, 0x00000000a3300000|100%| O|  |TAMS 0x00000000a3300000, 0x00000000a3200000| Untracked 
|  49|0x00000000a3300000, 0x00000000a3300000, 0x00000000a3400000|  0%| F|  |TAMS 0x00000000a3300000, 0x00000000a3300000| Untracked 
|  50|0x00000000a3400000, 0x00000000a3500000, 0x00000000a3500000|100%| O|  |TAMS 0x00000000a3500000, 0x00000000a3400000| Untracked 
|  51|0x00000000a3500000, 0x00000000a3600000, 0x00000000a3600000|100%| O|  |TAMS 0x00000000a3600000, 0x00000000a3500000| Untracked 
|  52|0x00000000a3600000, 0x00000000a3700000, 0x00000000a3700000|100%| O|  |TAMS 0x00000000a3700000, 0x00000000a3600000| Untracked 
|  53|0x00000000a3700000, 0x00000000a3800000, 0x00000000a3800000|100%| O|  |TAMS 0x00000000a3800000, 0x00000000a3700000| Untracked 
|  54|0x00000000a3800000, 0x00000000a3900000, 0x00000000a3900000|100%| O|  |TAMS 0x00000000a3900000, 0x00000000a3800000| Untracked 
|  55|0x00000000a3900000, 0x00000000a3a00000, 0x00000000a3a00000|100%| O|  |TAMS 0x00000000a3a00000, 0x00000000a3900000| Untracked 
|  56|0x00000000a3a00000, 0x00000000a3b00000, 0x00000000a3b00000|100%| O|  |TAMS 0x00000000a3b00000, 0x00000000a3a00000| Untracked 
|  57|0x00000000a3b00000, 0x00000000a3b00000, 0x00000000a3c00000|  0%| F|  |TAMS 0x00000000a3b00000, 0x00000000a3b00000| Untracked 
|  58|0x00000000a3c00000, 0x00000000a3c00000, 0x00000000a3d00000|  0%| F|  |TAMS 0x00000000a3c00000, 0x00000000a3c00000| Untracked 
|  59|0x00000000a3d00000, 0x00000000a3e00000, 0x00000000a3e00000|100%| O|  |TAMS 0x00000000a3e00000, 0x00000000a3d00000| Untracked 
|  60|0x00000000a3e00000, 0x00000000a3f00000, 0x00000000a3f00000|100%| O|  |TAMS 0x00000000a3f00000, 0x00000000a3e00000| Untracked 
|  61|0x00000000a3f00000, 0x00000000a4000000, 0x00000000a4000000|100%| O|  |TAMS 0x00000000a4000000, 0x00000000a3f00000| Untracked 
|  62|0x00000000a4000000, 0x00000000a4100000, 0x00000000a4100000|100%| O|  |TAMS 0x00000000a4100000, 0x00000000a4000000| Untracked 
|  63|0x00000000a4100000, 0x00000000a4200000, 0x00000000a4200000|100%| O|  |TAMS 0x00000000a4200000, 0x00000000a4100000| Untracked 
|  64|0x00000000a4200000, 0x00000000a4300000, 0x00000000a4300000|100%| O|  |TAMS 0x00000000a4300000, 0x00000000a4200000| Untracked 
|  65|0x00000000a4300000, 0x00000000a4400000, 0x00000000a4400000|100%| O|  |TAMS 0x00000000a4400000, 0x00000000a4300000| Untracked 
|  66|0x00000000a4400000, 0x00000000a4500000, 0x00000000a4500000|100%| O|  |TAMS 0x00000000a4500000, 0x00000000a4400000| Untracked 
|  67|0x00000000a4500000, 0x00000000a4600000, 0x00000000a4600000|100%| O|  |TAMS 0x00000000a4600000, 0x00000000a4500000| Untracked 
|  68|0x00000000a4600000, 0x00000000a4700000, 0x00000000a4700000|100%| O|  |TAMS 0x00000000a4700000, 0x00000000a4600000| Untracked 
|  69|0x00000000a4700000, 0x00000000a4800000, 0x00000000a4800000|100%| O|  |TAMS 0x00000000a4800000, 0x00000000a4700000| Untracked 
|  70|0x00000000a4800000, 0x00000000a4900000, 0x00000000a4900000|100%| O|  |TAMS 0x00000000a4900000, 0x00000000a4800000| Untracked 
|  71|0x00000000a4900000, 0x00000000a4a00000, 0x00000000a4a00000|100%| O|  |TAMS 0x00000000a4a00000, 0x00000000a4900000| Untracked 
|  72|0x00000000a4a00000, 0x00000000a4b00000, 0x00000000a4b00000|100%| O|  |TAMS 0x00000000a4b00000, 0x00000000a4a00000| Untracked 
|  73|0x00000000a4b00000, 0x00000000a4c00000, 0x00000000a4c00000|100%| O|  |TAMS 0x00000000a4c00000, 0x00000000a4b00000| Untracked 
|  74|0x00000000a4c00000, 0x00000000a4d00000, 0x00000000a4d00000|100%| O|  |TAMS 0x00000000a4d00000, 0x00000000a4c00000| Untracked 
|  75|0x00000000a4d00000, 0x00000000a4e00000, 0x00000000a4e00000|100%| O|  |TAMS 0x00000000a4e00000, 0x00000000a4d00000| Untracked 
|  76|0x00000000a4e00000, 0x00000000a4f00000, 0x00000000a4f00000|100%| O|  |TAMS 0x00000000a4f00000, 0x00000000a4e00000| Untracked 
|  77|0x00000000a4f00000, 0x00000000a5000000, 0x00000000a5000000|100%|HS|  |TAMS 0x00000000a5000000, 0x00000000a4f00000| Complete 
|  78|0x00000000a5000000, 0x00000000a5100000, 0x00000000a5100000|100%|HC|  |TAMS 0x00000000a5100000, 0x00000000a5000000| Complete 
|  79|0x00000000a5100000, 0x00000000a5200000, 0x00000000a5200000|100%| O|  |TAMS 0x00000000a5200000, 0x00000000a5100000| Untracked 
|  80|0x00000000a5200000, 0x00000000a5300000, 0x00000000a5300000|100%| O|  |TAMS 0x00000000a5300000, 0x00000000a5200000| Untracked 
|  81|0x00000000a5300000, 0x00000000a5400000, 0x00000000a5400000|100%| O|  |TAMS 0x00000000a5400000, 0x00000000a5300000| Untracked 
|  82|0x00000000a5400000, 0x00000000a5500000, 0x00000000a5500000|100%| O|  |TAMS 0x00000000a5500000, 0x00000000a5400000| Untracked 
|  83|0x00000000a5500000, 0x00000000a5600000, 0x00000000a5600000|100%| O|  |TAMS 0x00000000a5600000, 0x00000000a5500000| Untracked 
|  84|0x00000000a5600000, 0x00000000a5700000, 0x00000000a5700000|100%| O|  |TAMS 0x00000000a5700000, 0x00000000a5600000| Untracked 
|  85|0x00000000a5700000, 0x00000000a5800000, 0x00000000a5800000|100%| O|  |TAMS 0x00000000a5800000, 0x00000000a5700000| Untracked 
|  86|0x00000000a5800000, 0x00000000a5900000, 0x00000000a5900000|100%| O|  |TAMS 0x00000000a5900000, 0x00000000a5800000| Untracked 
|  87|0x00000000a5900000, 0x00000000a5a00000, 0x00000000a5a00000|100%| O|  |TAMS 0x00000000a5a00000, 0x00000000a5900000| Untracked 
|  88|0x00000000a5a00000, 0x00000000a5b00000, 0x00000000a5b00000|100%| O|  |TAMS 0x00000000a5b00000, 0x00000000a5a00000| Untracked 
|  89|0x00000000a5b00000, 0x00000000a5c00000, 0x00000000a5c00000|100%| O|  |TAMS 0x00000000a5c00000, 0x00000000a5b00000| Untracked 
|  90|0x00000000a5c00000, 0x00000000a5d00000, 0x00000000a5d00000|100%| O|  |TAMS 0x00000000a5d00000, 0x00000000a5c00000| Untracked 
|  91|0x00000000a5d00000, 0x00000000a5e00000, 0x00000000a5e00000|100%| O|  |TAMS 0x00000000a5e00000, 0x00000000a5d00000| Untracked 
|  92|0x00000000a5e00000, 0x00000000a5f00000, 0x00000000a5f00000|100%| O|  |TAMS 0x00000000a5f00000, 0x00000000a5e00000| Untracked 
|  93|0x00000000a5f00000, 0x00000000a6000000, 0x00000000a6000000|100%| O|  |TAMS 0x00000000a6000000, 0x00000000a5f00000| Untracked 
|  94|0x00000000a6000000, 0x00000000a6100000, 0x00000000a6100000|100%| O|  |TAMS 0x00000000a6100000, 0x00000000a6000000| Untracked 
|  95|0x00000000a6100000, 0x00000000a6200000, 0x00000000a6200000|100%| O|  |TAMS 0x00000000a6200000, 0x00000000a6100000| Untracked 
|  96|0x00000000a6200000, 0x00000000a6200000, 0x00000000a6300000|  0%| F|  |TAMS 0x00000000a6200000, 0x00000000a6200000| Untracked 
|  97|0x00000000a6300000, 0x00000000a6400000, 0x00000000a6400000|100%| O|  |TAMS 0x00000000a6400000, 0x00000000a6300000| Untracked 
|  98|0x00000000a6400000, 0x00000000a6500000, 0x00000000a6500000|100%| O|  |TAMS 0x00000000a6500000, 0x00000000a6400000| Untracked 
|  99|0x00000000a6500000, 0x00000000a6600000, 0x00000000a6600000|100%| O|  |TAMS 0x00000000a6600000, 0x00000000a6500000| Untracked 
| 100|0x00000000a6600000, 0x00000000a6700000, 0x00000000a6700000|100%| O|  |TAMS 0x00000000a6700000, 0x00000000a6600000| Untracked 
| 101|0x00000000a6700000, 0x00000000a6800000, 0x00000000a6800000|100%| O|  |TAMS 0x00000000a6800000, 0x00000000a6700000| Untracked 
| 102|0x00000000a6800000, 0x00000000a6900000, 0x00000000a6900000|100%| O|  |TAMS 0x00000000a6859800, 0x00000000a6800000| Untracked 
| 103|0x00000000a6900000, 0x00000000a6a00000, 0x00000000a6a00000|100%| O|  |TAMS 0x00000000a6900000, 0x00000000a6900000| Untracked 
| 104|0x00000000a6a00000, 0x00000000a6b00000, 0x00000000a6b00000|100%| O|  |TAMS 0x00000000a6a00000, 0x00000000a6a00000| Untracked 
| 105|0x00000000a6b00000, 0x00000000a6c00000, 0x00000000a6c00000|100%| O|  |TAMS 0x00000000a6b00000, 0x00000000a6b00000| Untracked 
| 106|0x00000000a6c00000, 0x00000000a6d00000, 0x00000000a6d00000|100%| O|  |TAMS 0x00000000a6c00000, 0x00000000a6c00000| Untracked 
| 107|0x00000000a6d00000, 0x00000000a6e00000, 0x00000000a6e00000|100%| O|  |TAMS 0x00000000a6d00000, 0x00000000a6d00000| Untracked 
| 108|0x00000000a6e00000, 0x00000000a6f00000, 0x00000000a6f00000|100%| O|  |TAMS 0x00000000a6e00000, 0x00000000a6e00000| Untracked 
| 109|0x00000000a6f00000, 0x00000000a7000000, 0x00000000a7000000|100%| O|  |TAMS 0x00000000a6f00000, 0x00000000a6f00000| Untracked 
| 110|0x00000000a7000000, 0x00000000a7039600, 0x00000000a7100000| 22%| O|  |TAMS 0x00000000a7000000, 0x00000000a7000000| Untracked 
| 111|0x00000000a7100000, 0x00000000a7100000, 0x00000000a7200000|  0%| F|  |TAMS 0x00000000a7100000, 0x00000000a7100000| Untracked 
| 112|0x00000000a7200000, 0x00000000a7200000, 0x00000000a7300000|  0%| F|  |TAMS 0x00000000a7200000, 0x00000000a7200000| Untracked 
| 113|0x00000000a7300000, 0x00000000a7300000, 0x00000000a7400000|  0%| F|  |TAMS 0x00000000a7300000, 0x00000000a7300000| Untracked 
| 114|0x00000000a7400000, 0x00000000a7400000, 0x00000000a7500000|  0%| F|  |TAMS 0x00000000a7400000, 0x00000000a7400000| Untracked 
| 115|0x00000000a7500000, 0x00000000a7500000, 0x00000000a7600000|  0%| F|  |TAMS 0x00000000a7500000, 0x00000000a7500000| Untracked 
| 116|0x00000000a7600000, 0x00000000a7600000, 0x00000000a7700000|  0%| F|  |TAMS 0x00000000a7600000, 0x00000000a7600000| Untracked 
| 117|0x00000000a7700000, 0x00000000a7700000, 0x00000000a7800000|  0%| F|  |TAMS 0x00000000a7700000, 0x00000000a7700000| Untracked 
| 118|0x00000000a7800000, 0x00000000a7800000, 0x00000000a7900000|  0%| F|  |TAMS 0x00000000a7800000, 0x00000000a7800000| Untracked 
| 119|0x00000000a7900000, 0x00000000a7900000, 0x00000000a7a00000|  0%| F|  |TAMS 0x00000000a7900000, 0x00000000a7900000| Untracked 
| 120|0x00000000a7a00000, 0x00000000a7a00000, 0x00000000a7b00000|  0%| F|  |TAMS 0x00000000a7a00000, 0x00000000a7a00000| Untracked 
| 121|0x00000000a7b00000, 0x00000000a7b00000, 0x00000000a7c00000|  0%| F|  |TAMS 0x00000000a7b00000, 0x00000000a7b00000| Untracked 
| 122|0x00000000a7c00000, 0x00000000a7c00000, 0x00000000a7d00000|  0%| F|  |TAMS 0x00000000a7c00000, 0x00000000a7c00000| Untracked 
| 123|0x00000000a7d00000, 0x00000000a7d00000, 0x00000000a7e00000|  0%| F|  |TAMS 0x00000000a7d00000, 0x00000000a7d00000| Untracked 
| 124|0x00000000a7e00000, 0x00000000a7e00000, 0x00000000a7f00000|  0%| F|  |TAMS 0x00000000a7e00000, 0x00000000a7e00000| Untracked 
| 125|0x00000000a7f00000, 0x00000000a7f00000, 0x00000000a8000000|  0%| F|  |TAMS 0x00000000a7f00000, 0x00000000a7f00000| Untracked 
| 126|0x00000000a8000000, 0x00000000a8000000, 0x00000000a8100000|  0%| F|  |TAMS 0x00000000a8000000, 0x00000000a8000000| Untracked 
| 127|0x00000000a8100000, 0x00000000a8100000, 0x00000000a8200000|  0%| F|  |TAMS 0x00000000a8100000, 0x00000000a8100000| Untracked 
| 128|0x00000000a8200000, 0x00000000a8200000, 0x00000000a8300000|  0%| F|  |TAMS 0x00000000a8200000, 0x00000000a8200000| Untracked 
| 129|0x00000000a8300000, 0x00000000a8300000, 0x00000000a8400000|  0%| F|  |TAMS 0x00000000a8300000, 0x00000000a8300000| Untracked 
| 130|0x00000000a8400000, 0x00000000a8400000, 0x00000000a8500000|  0%| F|  |TAMS 0x00000000a8400000, 0x00000000a8400000| Untracked 
| 131|0x00000000a8500000, 0x00000000a8500000, 0x00000000a8600000|  0%| F|  |TAMS 0x00000000a8500000, 0x00000000a8500000| Untracked 
| 132|0x00000000a8600000, 0x00000000a8600000, 0x00000000a8700000|  0%| F|  |TAMS 0x00000000a8600000, 0x00000000a8600000| Untracked 
| 133|0x00000000a8700000, 0x00000000a8700000, 0x00000000a8800000|  0%| F|  |TAMS 0x00000000a8700000, 0x00000000a8700000| Untracked 
| 134|0x00000000a8800000, 0x00000000a8800000, 0x00000000a8900000|  0%| F|  |TAMS 0x00000000a8800000, 0x00000000a8800000| Untracked 
| 135|0x00000000a8900000, 0x00000000a8900000, 0x00000000a8a00000|  0%| F|  |TAMS 0x00000000a8900000, 0x00000000a8900000| Untracked 
| 136|0x00000000a8a00000, 0x00000000a8a00000, 0x00000000a8b00000|  0%| F|  |TAMS 0x00000000a8a00000, 0x00000000a8a00000| Untracked 
| 137|0x00000000a8b00000, 0x00000000a8b00000, 0x00000000a8c00000|  0%| F|  |TAMS 0x00000000a8b00000, 0x00000000a8b00000| Untracked 
| 138|0x00000000a8c00000, 0x00000000a8c00000, 0x00000000a8d00000|  0%| F|  |TAMS 0x00000000a8c00000, 0x00000000a8c00000| Untracked 
| 139|0x00000000a8d00000, 0x00000000a8d00000, 0x00000000a8e00000|  0%| F|  |TAMS 0x00000000a8d00000, 0x00000000a8d00000| Untracked 
| 140|0x00000000a8e00000, 0x00000000a8e00000, 0x00000000a8f00000|  0%| F|  |TAMS 0x00000000a8e00000, 0x00000000a8e00000| Untracked 
| 141|0x00000000a8f00000, 0x00000000a8f00000, 0x00000000a9000000|  0%| F|  |TAMS 0x00000000a8f00000, 0x00000000a8f00000| Untracked 
| 142|0x00000000a9000000, 0x00000000a9000000, 0x00000000a9100000|  0%| F|  |TAMS 0x00000000a9000000, 0x00000000a9000000| Untracked 
| 143|0x00000000a9100000, 0x00000000a9100000, 0x00000000a9200000|  0%| F|  |TAMS 0x00000000a9100000, 0x00000000a9100000| Untracked 
| 144|0x00000000a9200000, 0x00000000a9200000, 0x00000000a9300000|  0%| F|  |TAMS 0x00000000a9200000, 0x00000000a9200000| Untracked 
| 145|0x00000000a9300000, 0x00000000a9300000, 0x00000000a9400000|  0%| F|  |TAMS 0x00000000a9300000, 0x00000000a9300000| Untracked 
| 146|0x00000000a9400000, 0x00000000a9400000, 0x00000000a9500000|  0%| F|  |TAMS 0x00000000a9400000, 0x00000000a9400000| Untracked 
| 147|0x00000000a9500000, 0x00000000a9500000, 0x00000000a9600000|  0%| F|  |TAMS 0x00000000a9500000, 0x00000000a9500000| Untracked 
| 148|0x00000000a9600000, 0x00000000a9600000, 0x00000000a9700000|  0%| F|  |TAMS 0x00000000a9600000, 0x00000000a9600000| Untracked 
| 149|0x00000000a9700000, 0x00000000a9700000, 0x00000000a9800000|  0%| F|  |TAMS 0x00000000a9700000, 0x00000000a9700000| Untracked 
| 150|0x00000000a9800000, 0x00000000a9800000, 0x00000000a9900000|  0%| F|  |TAMS 0x00000000a9800000, 0x00000000a9800000| Untracked 
| 151|0x00000000a9900000, 0x00000000a9a00000, 0x00000000a9a00000|100%| S|CS|TAMS 0x00000000a9900000, 0x00000000a9900000| Complete 
| 152|0x00000000a9a00000, 0x00000000a9b00000, 0x00000000a9b00000|100%| S|CS|TAMS 0x00000000a9a00000, 0x00000000a9a00000| Complete 
| 153|0x00000000a9b00000, 0x00000000a9b00000, 0x00000000a9c00000|  0%| F|  |TAMS 0x00000000a9b00000, 0x00000000a9b00000| Untracked 
| 154|0x00000000a9c00000, 0x00000000a9d00000, 0x00000000a9d00000|100%| E|  |TAMS 0x00000000a9c00000, 0x00000000a9c00000| Complete 
| 155|0x00000000a9d00000, 0x00000000a9e00000, 0x00000000a9e00000|100%| E|CS|TAMS 0x00000000a9d00000, 0x00000000a9d00000| Complete 
| 156|0x00000000a9e00000, 0x00000000a9f00000, 0x00000000a9f00000|100%| E|CS|TAMS 0x00000000a9e00000, 0x00000000a9e00000| Complete 
| 157|0x00000000a9f00000, 0x00000000aa000000, 0x00000000aa000000|100%| E|CS|TAMS 0x00000000a9f00000, 0x00000000a9f00000| Complete 
| 158|0x00000000aa000000, 0x00000000aa100000, 0x00000000aa100000|100%| E|CS|TAMS 0x00000000aa000000, 0x00000000aa000000| Complete 
| 159|0x00000000aa100000, 0x00000000aa200000, 0x00000000aa200000|100%| E|CS|TAMS 0x00000000aa100000, 0x00000000aa100000| Complete 
| 160|0x00000000aa200000, 0x00000000aa300000, 0x00000000aa300000|100%| E|CS|TAMS 0x00000000aa200000, 0x00000000aa200000| Complete 
| 161|0x00000000aa300000, 0x00000000aa400000, 0x00000000aa400000|100%| E|CS|TAMS 0x00000000aa300000, 0x00000000aa300000| Complete 
| 162|0x00000000aa400000, 0x00000000aa500000, 0x00000000aa500000|100%| E|CS|TAMS 0x00000000aa400000, 0x00000000aa400000| Complete 
| 163|0x00000000aa500000, 0x00000000aa600000, 0x00000000aa600000|100%| E|CS|TAMS 0x00000000aa500000, 0x00000000aa500000| Complete 
| 164|0x00000000aa600000, 0x00000000aa700000, 0x00000000aa700000|100%| E|CS|TAMS 0x00000000aa600000, 0x00000000aa600000| Complete 
| 165|0x00000000aa700000, 0x00000000aa800000, 0x00000000aa800000|100%| E|CS|TAMS 0x00000000aa700000, 0x00000000aa700000| Complete 
| 166|0x00000000aa800000, 0x00000000aa900000, 0x00000000aa900000|100%| E|CS|TAMS 0x00000000aa800000, 0x00000000aa800000| Complete 
| 167|0x00000000aa900000, 0x00000000aaa00000, 0x00000000aaa00000|100%| E|CS|TAMS 0x00000000aa900000, 0x00000000aa900000| Complete 
| 168|0x00000000aaa00000, 0x00000000aab00000, 0x00000000aab00000|100%| E|CS|TAMS 0x00000000aaa00000, 0x00000000aaa00000| Complete 
| 169|0x00000000aab00000, 0x00000000aac00000, 0x00000000aac00000|100%| E|CS|TAMS 0x00000000aab00000, 0x00000000aab00000| Complete 
| 170|0x00000000aac00000, 0x00000000aad00000, 0x00000000aad00000|100%| E|CS|TAMS 0x00000000aac00000, 0x00000000aac00000| Complete 
| 171|0x00000000aad00000, 0x00000000aae00000, 0x00000000aae00000|100%| E|CS|TAMS 0x00000000aad00000, 0x00000000aad00000| Complete 
| 172|0x00000000aae00000, 0x00000000aaf00000, 0x00000000aaf00000|100%| E|CS|TAMS 0x00000000aae00000, 0x00000000aae00000| Complete 
| 173|0x00000000aaf00000, 0x00000000ab000000, 0x00000000ab000000|100%| E|CS|TAMS 0x00000000aaf00000, 0x00000000aaf00000| Complete 
| 174|0x00000000ab000000, 0x00000000ab100000, 0x00000000ab100000|100%| E|CS|TAMS 0x00000000ab000000, 0x00000000ab000000| Complete 
| 175|0x00000000ab100000, 0x00000000ab200000, 0x00000000ab200000|100%| E|CS|TAMS 0x00000000ab100000, 0x00000000ab100000| Complete 
| 176|0x00000000ab200000, 0x00000000ab300000, 0x00000000ab300000|100%| E|CS|TAMS 0x00000000ab200000, 0x00000000ab200000| Complete 
| 177|0x00000000ab300000, 0x00000000ab400000, 0x00000000ab400000|100%| E|CS|TAMS 0x00000000ab300000, 0x00000000ab300000| Complete 
| 178|0x00000000ab400000, 0x00000000ab500000, 0x00000000ab500000|100%| E|CS|TAMS 0x00000000ab400000, 0x00000000ab400000| Complete 
| 179|0x00000000ab500000, 0x00000000ab600000, 0x00000000ab600000|100%| E|CS|TAMS 0x00000000ab500000, 0x00000000ab500000| Complete 
| 180|0x00000000ab600000, 0x00000000ab700000, 0x00000000ab700000|100%| E|CS|TAMS 0x00000000ab600000, 0x00000000ab600000| Complete 
| 181|0x00000000ab700000, 0x00000000ab800000, 0x00000000ab800000|100%| E|CS|TAMS 0x00000000ab700000, 0x00000000ab700000| Complete 

Card table byte_map: [0x0000016936a70000,0x0000016936d70000] _byte_map_base: 0x000001693656f000

Marking Bits (Prev, Next): (CMBitMap*) 0x00000169242ef9c0, (CMBitMap*) 0x00000169242efa00
 Prev Bits: [0x0000016937070000, 0x0000016938868000)
 Next Bits: [0x0000016938870000, 0x000001693a068000)

Polling page: 0x00000169220b0000

Metaspace:

Usage:
  Non-class:     71.38 MB used.
      Class:      8.68 MB used.
       Both:     80.06 MB used.

Virtual space:
  Non-class space:       72.00 MB reserved,      71.56 MB (>99%) committed,  9 nodes.
      Class space:        1.00 GB reserved,       8.88 MB ( <1%) committed,  1 nodes.
             Both:        1.07 GB reserved,      80.44 MB (  7%) committed. 

Chunk freelists:
   Non-Class:  240.00 KB
       Class:  3.17 MB
        Both:  3.41 MB

MaxMetaspaceSize: unlimited
CompressedClassSpaceSize: 1.00 GB
Initial GC threshold: 21.00 MB
Current GC threshold: 117.75 MB
CDS: off
MetaspaceReclaimPolicy: balanced
 - commit_granule_bytes: 65536.
 - commit_granule_words: 8192.
 - virtual_space_node_default_size: 1048576.
 - enlarge_chunks_in_place: 1.
 - new_chunks_are_fully_committed: 0.
 - uncommit_free_chunks: 1.
 - use_allocation_guard: 0.
 - handle_deallocations: 1.


Internal statistics:

num_allocs_failed_limit: 6.
num_arena_births: 466.
num_arena_deaths: 0.
num_vsnodes_births: 10.
num_vsnodes_deaths: 0.
num_space_committed: 1285.
num_space_uncommitted: 0.
num_chunks_returned_to_freelist: 6.
num_chunks_taken_from_freelist: 3204.
num_chunk_merges: 6.
num_chunk_splits: 2554.
num_chunks_enlarged: 2191.
num_purges: 0.
num_inconsistent_stats: 0.

CodeHeap 'non-profiled nmethods': size=120000Kb used=6696Kb max_used=6696Kb free=113303Kb
 bounds [0x000001692f240000, 0x000001692f8d0000, 0x0000016936770000]
CodeHeap 'profiled nmethods': size=120000Kb used=42808Kb max_used=42808Kb free=77191Kb
 bounds [0x0000016927770000, 0x000001692a150000, 0x000001692eca0000]
CodeHeap 'non-nmethods': size=5760Kb used=1401Kb max_used=1458Kb free=4358Kb
 bounds [0x000001692eca0000, 0x000001692ef10000, 0x000001692f240000]
 total_blobs=14243 nmethods=13509 adapters=643
 compilation: enabled
              stopped_count=0, restarted_count=0
 full_count=0

Compilation events (20 events):
Event: 55.402 Thread 0x000001693c54f2d0 16144       3       org.jetbrains.kotlin.backend.common.DeclarationTransformer$Visitor::visitBranch (13 bytes)
Event: 55.403 Thread 0x000001693c54f2d0 nmethod 16144 0x000001692a11e790 code [0x000001692a11ea60, 0x000001692a11f758]
Event: 55.403 Thread 0x000001693c54f2d0 16146       3       org.jetbrains.kotlin.backend.common.ClassLoweringVisitor::visitTypeOperator (13 bytes)
Event: 55.404 Thread 0x000001693c54f2d0 nmethod 16146 0x000001692a11fc10 code [0x000001692a11ff00, 0x000001692a120d88]
Event: 55.404 Thread 0x000001693c54f2d0 16147       3       org.jetbrains.kotlin.backend.common.ClassLoweringVisitor::visitTypeOperator (7 bytes)
Event: 55.405 Thread 0x000001693c54f2d0 nmethod 16147 0x000001692a121310 code [0x000001692a121600, 0x000001692a122348]
Event: 55.405 Thread 0x000001693c54f2d0 16148       3       org.jetbrains.kotlin.backend.common.ClassLoweringVisitor::visitTypeOperator (6 bytes)
Event: 55.406 Thread 0x000001693c54f2d0 nmethod 16148 0x000001692a122890 code [0x000001692a122ba0, 0x000001692a123a28]
Event: 55.406 Thread 0x000001693c54f2d0 16145       3       org.jetbrains.kotlin.backend.common.DeclarationTransformer$Visitor::visitBranch (7 bytes)
Event: 55.407 Thread 0x000001693c54f2d0 nmethod 16145 0x000001692a123f90 code [0x000001692a1242a0, 0x000001692a125128]
Event: 55.407 Thread 0x000001693c54f2d0 16151       3       org.jetbrains.kotlin.backend.jvm.lower.ReplaceDefaultImplsOverriddenSymbols::visitCall (6 bytes)
Event: 55.408 Thread 0x000001693c54f2d0 nmethod 16151 0x000001692a125690 code [0x000001692a125960, 0x000001692a1265d8]
Event: 55.408 Thread 0x000001693c54f2d0 16142       3       org.jetbrains.kotlin.backend.common.DeclarationTransformer$Visitor::visitBlock (7 bytes)
Event: 55.409 Thread 0x000001693c54f2d0 nmethod 16142 0x000001692a126a90 code [0x000001692a126d60, 0x000001692a1279d8]
Event: 55.409 Thread 0x000001693c54f2d0 16156       3       org.jetbrains.kotlin.backend.common.BodyLoweringVisitor::visitVariable (13 bytes)
Event: 55.410 Thread 0x000001693c54f2d0 nmethod 16156 0x000001692a127e90 code [0x000001692a128160, 0x000001692a128f28]
Event: 55.410 Thread 0x000001693c54f2d0 16157       3       org.jetbrains.kotlin.backend.common.BodyLoweringVisitor::visitWhen (13 bytes)
Event: 55.410 Thread 0x000001693c54f2d0 nmethod 16157 0x000001692a129410 code [0x000001692a1296a0, 0x000001692a12a2d8]
Event: 55.410 Thread 0x000001693c54f2d0 16158       3       org.jetbrains.kotlin.backend.common.BodyLoweringVisitor::visitWhen (8 bytes)
Event: 55.411 Thread 0x000001693c54f2d0 nmethod 16158 0x000001692a12a710 code [0x000001692a12aa00, 0x000001692a12b958]

GC Heap History (20 events):
Event: 44.251 GC heap before
{Heap before GC invocations=44 (full 0):
 garbage-first heap   total 130048K, used 108489K [0x00000000a0200000, 0x0000000100000000)
  region size 1024K, 23 young (23552K), 2 survivors (2048K)
 Metaspace       used 67346K, committed 67648K, reserved 1114112K
  class space    used 7466K, committed 7616K, reserved 1048576K
}
Event: 44.261 GC heap after
{Heap after GC invocations=45 (full 0):
 garbage-first heap   total 130048K, used 89917K [0x00000000a0200000, 0x0000000100000000)
  region size 1024K, 2 young (2048K), 2 survivors (2048K)
 Metaspace       used 67346K, committed 67648K, reserved 1114112K
  class space    used 7466K, committed 7616K, reserved 1048576K
}
Event: 46.214 GC heap before
{Heap before GC invocations=45 (full 0):
 garbage-first heap   total 130048K, used 110397K [0x00000000a0200000, 0x0000000100000000)
  region size 1024K, 22 young (22528K), 2 survivors (2048K)
 Metaspace       used 70074K, committed 70400K, reserved 1114112K
  class space    used 7781K, committed 7936K, reserved 1048576K
}
Event: 46.224 GC heap after
{Heap after GC invocations=46 (full 0):
 garbage-first heap   total 130048K, used 92861K [0x00000000a0200000, 0x0000000100000000)
  region size 1024K, 3 young (3072K), 3 survivors (3072K)
 Metaspace       used 70074K, committed 70400K, reserved 1114112K
  class space    used 7781K, committed 7936K, reserved 1048576K
}
Event: 46.968 GC heap before
{Heap before GC invocations=46 (full 0):
 garbage-first heap   total 130048K, used 110269K [0x00000000a0200000, 0x0000000100000000)
  region size 1024K, 20 young (20480K), 3 survivors (3072K)
 Metaspace       used 70802K, committed 71104K, reserved 1114112K
  class space    used 7858K, committed 8000K, reserved 1048576K
}
Event: 46.979 GC heap after
{Heap after GC invocations=47 (full 0):
 garbage-first heap   total 130048K, used 95942K [0x00000000a0200000, 0x0000000100000000)
  region size 1024K, 3 young (3072K), 3 survivors (3072K)
 Metaspace       used 70802K, committed 71104K, reserved 1114112K
  class space    used 7858K, committed 8000K, reserved 1048576K
}
Event: 47.752 GC heap before
{Heap before GC invocations=47 (full 0):
 garbage-first heap   total 130048K, used 109254K [0x00000000a0200000, 0x0000000100000000)
  region size 1024K, 17 young (17408K), 3 survivors (3072K)
 Metaspace       used 71383K, committed 71680K, reserved 1114112K
  class space    used 7922K, committed 8064K, reserved 1048576K
}
Event: 47.762 GC heap after
{Heap after GC invocations=48 (full 0):
 garbage-first heap   total 130048K, used 98904K [0x00000000a0200000, 0x0000000100000000)
  region size 1024K, 3 young (3072K), 3 survivors (3072K)
 Metaspace       used 71383K, committed 71680K, reserved 1114112K
  class space    used 7922K, committed 8064K, reserved 1048576K
}
Event: 48.583 GC heap before
{Heap before GC invocations=48 (full 0):
 garbage-first heap   total 130048K, used 111192K [0x00000000a0200000, 0x0000000100000000)
  region size 1024K, 15 young (15360K), 3 survivors (3072K)
 Metaspace       used 71638K, committed 71936K, reserved 1114112K
  class space    used 7945K, committed 8128K, reserved 1048576K
}
Event: 48.594 GC heap after
{Heap after GC invocations=49 (full 0):
 garbage-first heap   total 130048K, used 101096K [0x00000000a0200000, 0x0000000100000000)
  region size 1024K, 2 young (2048K), 2 survivors (2048K)
 Metaspace       used 71638K, committed 71936K, reserved 1114112K
  class space    used 7945K, committed 8128K, reserved 1048576K
}
Event: 49.307 GC heap before
{Heap before GC invocations=49 (full 0):
 garbage-first heap   total 130048K, used 111336K [0x00000000a0200000, 0x0000000100000000)
  region size 1024K, 12 young (12288K), 2 survivors (2048K)
 Metaspace       used 71885K, committed 72192K, reserved 1114112K
  class space    used 7952K, committed 8128K, reserved 1048576K
}
Event: 49.319 GC heap after
{Heap after GC invocations=50 (full 0):
 garbage-first heap   total 130048K, used 106854K [0x00000000a0200000, 0x0000000100000000)
  region size 1024K, 2 young (2048K), 2 survivors (2048K)
 Metaspace       used 71885K, committed 72192K, reserved 1114112K
  class space    used 7952K, committed 8128K, reserved 1048576K
}
Event: 49.745 GC heap before
{Heap before GC invocations=50 (full 0):
 garbage-first heap   total 130048K, used 110950K [0x00000000a0200000, 0x0000000100000000)
  region size 1024K, 6 young (6144K), 2 survivors (2048K)
 Metaspace       used 72019K, committed 72320K, reserved 1114112K
  class space    used 7959K, committed 8128K, reserved 1048576K
}
Event: 49.753 GC heap after
{Heap after GC invocations=51 (full 0):
 garbage-first heap   total 156672K, used 108481K [0x00000000a0200000, 0x0000000100000000)
  region size 1024K, 1 young (1024K), 1 survivors (1024K)
 Metaspace       used 72019K, committed 72320K, reserved 1114112K
  class space    used 7959K, committed 8128K, reserved 1048576K
}
Event: 50.884 GC heap before
{Heap before GC invocations=52 (full 0):
 garbage-first heap   total 186368K, used 121793K [0x00000000a0200000, 0x0000000100000000)
  region size 1024K, 14 young (14336K), 1 survivors (1024K)
 Metaspace       used 72254K, committed 72576K, reserved 1114112K
  class space    used 7983K, committed 8128K, reserved 1048576K
}
Event: 50.894 GC heap after
{Heap after GC invocations=53 (full 0):
 garbage-first heap   total 186368K, used 110891K [0x00000000a0200000, 0x0000000100000000)
  region size 1024K, 2 young (2048K), 2 survivors (2048K)
 Metaspace       used 72254K, committed 72576K, reserved 1114112K
  class space    used 7983K, committed 8128K, reserved 1048576K
}
Event: 51.467 GC heap before
{Heap before GC invocations=53 (full 0):
 garbage-first heap   total 186368K, used 118059K [0x00000000a0200000, 0x0000000100000000)
  region size 1024K, 9 young (9216K), 2 survivors (2048K)
 Metaspace       used 72850K, committed 73216K, reserved 1114112K
  class space    used 8036K, committed 8192K, reserved 1048576K
}
Event: 51.479 GC heap after
{Heap after GC invocations=54 (full 0):
 garbage-first heap   total 186368K, used 110630K [0x00000000a0200000, 0x0000000100000000)
  region size 1024K, 1 young (1024K), 1 survivors (1024K)
 Metaspace       used 72850K, committed 73216K, reserved 1114112K
  class space    used 8036K, committed 8192K, reserved 1048576K
}
Event: 53.719 GC heap before
{Heap before GC invocations=54 (full 0):
 garbage-first heap   total 186368K, used 139302K [0x00000000a0200000, 0x0000000100000000)
  region size 1024K, 29 young (29696K), 1 survivors (1024K)
 Metaspace       used 78582K, committed 78912K, reserved 1122304K
  class space    used 8619K, committed 8768K, reserved 1048576K
}
Event: 53.726 GC heap after
{Heap after GC invocations=55 (full 0):
 garbage-first heap   total 186368K, used 109797K [0x00000000a0200000, 0x0000000100000000)
  region size 1024K, 2 young (2048K), 2 survivors (2048K)
 Metaspace       used 78582K, committed 78912K, reserved 1122304K
  class space    used 8619K, committed 8768K, reserved 1048576K
}

Dll operation events (2 events):
Event: 0.052 Loaded shared library C:\Program Files\Android\Android Studio\jbr\bin\java.dll
Event: 2.721 Loaded shared library C:\Program Files\Android\Android Studio\jbr\bin\verify.dll

Deoptimization events (20 events):
Event: 55.257 Thread 0x00000169242a3b80 Uncommon trap: trap_request=0xffffff66 fr.pc=0x000001692f8c3948 relative=0x0000000000000128
Event: 55.257 Thread 0x00000169242a3b80 Uncommon trap: reason=speculate_class_check action=maybe_recompile pc=0x000001692f8c3948 method=org.jetbrains.kotlin.ir.expressions.IrMemberAccessExpression.acceptChildren(Lorg/jetbrains/kotlin/ir/visitors/IrElementVisitor;Ljava/lang/Object;)V @ 43 c2
Event: 55.257 Thread 0x00000169242a3b80 DEOPT PACKING pc=0x000001692f8c3948 sp=0x0000004e98afcf10
Event: 55.257 Thread 0x00000169242a3b80 DEOPT UNPACKING pc=0x000001692ecf699d sp=0x0000004e98afca60 mode 2
Event: 55.257 Thread 0x00000169242a3b80 Uncommon trap: trap_request=0xffffff66 fr.pc=0x000001692f7eb948 relative=0x0000000000000128
Event: 55.257 Thread 0x00000169242a3b80 Uncommon trap: reason=speculate_class_check action=maybe_recompile pc=0x000001692f7eb948 method=org.jetbrains.kotlin.ir.expressions.IrMemberAccessExpression.acceptChildren(Lorg/jetbrains/kotlin/ir/visitors/IrElementVisitor;Ljava/lang/Object;)V @ 43 c2
Event: 55.257 Thread 0x00000169242a3b80 DEOPT PACKING pc=0x000001692f7eb948 sp=0x0000004e98afce50
Event: 55.257 Thread 0x00000169242a3b80 DEOPT UNPACKING pc=0x000001692ecf699d sp=0x0000004e98afca70 mode 2
Event: 55.396 Thread 0x00000169242a3b80 Uncommon trap: trap_request=0xffffffc6 fr.pc=0x000001692f8bf9d4 relative=0x0000000000003334
Event: 55.396 Thread 0x00000169242a3b80 Uncommon trap: reason=bimorphic_or_optimized_type_check action=maybe_recompile pc=0x000001692f8bf9d4 method=org.jetbrains.kotlin.ir.util.IrFakeOverrideUtilsKt$resolveFakeOverrideOrNull$2.invoke(Lorg/jetbrains/kotlin/ir/declarations/IrOverridableDeclaratio
Event: 55.396 Thread 0x00000169242a3b80 DEOPT PACKING pc=0x000001692f8bf9d4 sp=0x0000004e98afc7e0
Event: 55.396 Thread 0x00000169242a3b80 DEOPT UNPACKING pc=0x000001692ecf699d sp=0x0000004e98afc6f8 mode 2
Event: 55.397 Thread 0x00000169242a3b80 Uncommon trap: trap_request=0xffffffc6 fr.pc=0x000001692f8bf9d4 relative=0x0000000000003334
Event: 55.397 Thread 0x00000169242a3b80 Uncommon trap: reason=bimorphic_or_optimized_type_check action=maybe_recompile pc=0x000001692f8bf9d4 method=org.jetbrains.kotlin.ir.util.IrFakeOverrideUtilsKt$resolveFakeOverrideOrNull$2.invoke(Lorg/jetbrains/kotlin/ir/declarations/IrOverridableDeclaratio
Event: 55.397 Thread 0x00000169242a3b80 DEOPT PACKING pc=0x000001692f8bf9d4 sp=0x0000004e98afc7e0
Event: 55.397 Thread 0x00000169242a3b80 DEOPT UNPACKING pc=0x000001692ecf699d sp=0x0000004e98afc6f8 mode 2
Event: 55.397 Thread 0x00000169242a3b80 Uncommon trap: trap_request=0xffffffc6 fr.pc=0x000001692f8bf9d4 relative=0x0000000000003334
Event: 55.397 Thread 0x00000169242a3b80 Uncommon trap: reason=bimorphic_or_optimized_type_check action=maybe_recompile pc=0x000001692f8bf9d4 method=org.jetbrains.kotlin.ir.util.IrFakeOverrideUtilsKt$resolveFakeOverrideOrNull$2.invoke(Lorg/jetbrains/kotlin/ir/declarations/IrOverridableDeclaratio
Event: 55.397 Thread 0x00000169242a3b80 DEOPT PACKING pc=0x000001692f8bf9d4 sp=0x0000004e98afc7e0
Event: 55.397 Thread 0x00000169242a3b80 DEOPT UNPACKING pc=0x000001692ecf699d sp=0x0000004e98afc6f8 mode 2

Classes unloaded (0 events):
No events

Classes redefined (0 events):
No events

Internal exceptions (20 events):
Event: 16.416 Thread 0x00000169242a3b80 Exception <a 'java/lang/NoSuchMethodError'{0x00000000a61c7698}: 'java.lang.Object java.lang.invoke.DirectMethodHandle$Holder.newInvokeSpecial(java.lang.Object, java.lang.Object, java.lang.Object, java.lang.Object, int)'> (0x00000000a61c7698) 
thrown [s\src\hotspot\share\interpreter\linkResolver.cpp, line 771]
Event: 16.416 Thread 0x00000169242a3b80 Exception <a 'java/lang/NoSuchMethodError'{0x00000000a61cf720}: 'java.lang.Object java.lang.invoke.Invokers$Holder.linkToTargetMethod(java.lang.Object, java.lang.Object, java.lang.Object, int, java.lang.Object)'> (0x00000000a61cf720) 
thrown [s\src\hotspot\share\interpreter\linkResolver.cpp, line 771]
Event: 19.157 Thread 0x00000169242a3b80 Exception <a 'java/lang/NoSuchMethodError'{0x00000000a4ae8348}: 'java.lang.Object java.lang.invoke.DirectMethodHandle$Holder.newInvokeSpecial(java.lang.Object, int, java.lang.Object)'> (0x00000000a4ae8348) 
thrown [s\src\hotspot\share\interpreter\linkResolver.cpp, line 771]
Event: 19.160 Thread 0x00000169242a3b80 Exception <a 'java/lang/NoSuchMethodError'{0x00000000a4aee998}: 'int java.lang.invoke.DirectMethodHandle$Holder.invokeInterface(java.lang.Object, java.lang.Object)'> (0x00000000a4aee998) 
thrown [s\src\hotspot\share\interpreter\linkResolver.cpp, line 771]
Event: 19.817 Thread 0x00000169242a3b80 Implicit null exception at 0x000001692f51173c to 0x000001692f511ffc
Event: 19.915 Thread 0x00000169242a3b80 Exception <a 'java/lang/NoSuchMethodError'{0x00000000a4366f78}: 'int java.lang.invoke.DirectMethodHandle$Holder.invokeStaticInit(java.lang.Object, int)'> (0x00000000a4366f78) 
thrown [s\src\hotspot\share\interpreter\linkResolver.cpp, line 771]
Event: 20.024 Thread 0x00000169242a3b80 Exception <a 'java/lang/NoSuchMethodError'{0x00000000a4264788}: 'java.lang.Object java.lang.invoke.DirectMethodHandle$Holder.newInvokeSpecial(java.lang.Object, int, java.lang.Object, java.lang.Object)'> (0x00000000a4264788) 
thrown [s\src\hotspot\share\interpreter\linkResolver.cpp, line 771]
Event: 21.594 Thread 0x00000169242a3b80 Exception <a 'java/lang/NoSuchMethodError'{0x00000000a618a308}: 'java.lang.Object java.lang.invoke.DirectMethodHandle$Holder.invokeInterface(java.lang.Object, java.lang.Object, java.lang.Object)'> (0x00000000a618a308) 
thrown [s\src\hotspot\share\interpreter\linkResolver.cpp, line 771]
Event: 21.595 Thread 0x00000169242a3b80 Exception <a 'java/lang/IncompatibleClassChangeError'{0x00000000a618dc78}: Found class java.lang.Object, but interface was expected> (0x00000000a618dc78) 
thrown [s\src\hotspot\share\interpreter\linkResolver.cpp, line 838]
Event: 31.312 Thread 0x00000169242a3b80 Exception <a 'java/lang/NoSuchMethodError'{0x00000000a4a6a268}: 'java.lang.Object java.lang.invoke.DirectMethodHandle$Holder.newInvokeSpecial(java.lang.Object, java.lang.Object, java.lang.Object, java.lang.Object, java.lang.Object, java.lang.Object, java.lang.Object)'> (0x00000000a4a6a268) 
thrown [s\src\hotspot\share\interpreter\linkResolver.cpp, line 771]
Event: 31.314 Thread 0x00000169242a3b80 Exception <a 'java/lang/NoSuchMethodError'{0x00000000a4a6f930}: 'java.lang.Object java.lang.invoke.Invokers$Holder.linkToTargetMethod(java.lang.Object, java.lang.Object, java.lang.Object, java.lang.Object, java.lang.Object, java.lang.Object, java.lang.Object)'> (0x00000000a4a6f930) 
thrown [s\src\hotspot\share\interpreter\linkResolver.cpp, line 771]
Event: 39.973 Thread 0x00000169242a3b80 Implicit null exception at 0x000001692f5b8e7d to 0x000001692f5b95fc
Event: 42.984 Thread 0x00000169242a3b80 Exception <a 'java/lang/NoSuchMethodError'{0x00000000a6e5ee48}: 'java.lang.Object java.lang.invoke.DirectMethodHandle$Holder.invokeStaticInit(java.lang.Object, java.lang.Object, java.lang.Object, java.lang.Object)'> (0x00000000a6e5ee48) 
thrown [s\src\hotspot\share\interpreter\linkResolver.cpp, line 771]
Event: 43.604 Thread 0x00000169242a3b80 Exception <a 'java/lang/NoSuchMethodError'{0x00000000a76eca70}: 'java.lang.Object java.lang.invoke.DirectMethodHandle$Holder.newInvokeSpecial(java.lang.Object, java.lang.Object, java.lang.Object, int, int)'> (0x00000000a76eca70) 
thrown [s\src\hotspot\share\interpreter\linkResolver.cpp, line 771]
Event: 43.604 Thread 0x00000169242a3b80 Exception <a 'java/lang/NoSuchMethodError'{0x00000000a76f08b0}: 'java.lang.Object java.lang.invoke.DirectMethodHandle$Holder.invokeSpecial(java.lang.Object, java.lang.Object, java.lang.Object, java.lang.Object, int, int)'> (0x00000000a76f08b0) 
thrown [s\src\hotspot\share\interpreter\linkResolver.cpp, line 771]
Event: 44.647 Thread 0x00000169242a3b80 Exception <a 'java/lang/NoSuchMethodError'{0x00000000a7d80728}: 'java.lang.Object java.lang.invoke.DirectMethodHandle$Holder.newInvokeSpecial(java.lang.Object, java.lang.Object, int, int, java.lang.Object, java.lang.Object, java.lang.Object)'> (0x00000000a7d80728) 
thrown [s\src\hotspot\share\interpreter\linkResolver.cpp, line 771]
Event: 44.648 Thread 0x00000169242a3b80 Exception <a 'java/lang/NoSuchMethodError'{0x00000000a7d85068}: 'java.lang.Object java.lang.invoke.DirectMethodHandle$Holder.invokeSpecial(java.lang.Object, java.lang.Object, java.lang.Object, int, int, java.lang.Object, java.lang.Object, java.lang.Object)'> (0x00000000a7d85068) 
thrown [s\src\hotspot\share\interpreter\linkResolver.cpp, line 771]
Event: 44.758 Thread 0x00000169242a3b80 Exception <a 'java/lang/NoSuchMethodError'{0x00000000a7c91b08}: 'java.lang.Object java.lang.invoke.DirectMethodHandle$Holder.invokeStatic(java.lang.Object, int, java.lang.Object)'> (0x00000000a7c91b08) 
thrown [s\src\hotspot\share\interpreter\linkResolver.cpp, line 771]
Event: 45.103 Thread 0x00000169242a3b80 Implicit null exception at 0x000001692f309810 to 0x000001692f309c04
Event: 45.251 Thread 0x00000169242a3b80 Exception <a 'java/lang/NoSuchMethodError'{0x00000000a78388c8}: 'java.lang.Object java.lang.invoke.DirectMethodHandle$Holder.invokeSpecial(java.lang.Object, java.lang.Object, int, int, java.lang.Object, java.lang.Object, java.lang.Object, java.lang.Object, java.lang.Object)'> (0x00000000a78388c8) 
thrown [s\src\hotspot\share\interpreter\linkResolver.cpp, line 771]

VM Operations (20 events):
Event: 53.391 Executing VM operation: HandshakeAllThreads
Event: 53.391 Executing VM operation: HandshakeAllThreads done
Event: 53.399 Executing VM operation: ICBufferFull
Event: 53.399 Executing VM operation: ICBufferFull done
Event: 53.719 Executing VM operation: G1CollectForAllocation
Event: 53.726 Executing VM operation: G1CollectForAllocation done
Event: 54.091 Executing VM operation: HandshakeAllThreads
Event: 54.091 Executing VM operation: HandshakeAllThreads done
Event: 54.208 Executing VM operation: ICBufferFull
Event: 54.208 Executing VM operation: ICBufferFull done
Event: 54.419 Executing VM operation: HandshakeAllThreads
Event: 54.419 Executing VM operation: HandshakeAllThreads done
Event: 54.545 Executing VM operation: ICBufferFull
Event: 54.545 Executing VM operation: ICBufferFull done
Event: 54.783 Executing VM operation: ICBufferFull
Event: 54.784 Executing VM operation: ICBufferFull done
Event: 55.036 Executing VM operation: ICBufferFull
Event: 55.036 Executing VM operation: ICBufferFull done
Event: 55.310 Executing VM operation: ICBufferFull
Event: 55.311 Executing VM operation: ICBufferFull done

Events (20 events):
Event: 53.228 Thread 0x000001693c5520d0 flushing nmethod 0x0000016929b00910
Event: 53.228 Thread 0x000001693c5520d0 flushing nmethod 0x0000016929b16310
Event: 53.228 Thread 0x000001693c5520d0 flushing nmethod 0x0000016929b16f10
Event: 53.228 Thread 0x000001693c5520d0 flushing nmethod 0x0000016929b17810
Event: 53.228 Thread 0x000001693c5520d0 flushing nmethod 0x0000016929b19210
Event: 53.228 Thread 0x000001693c5520d0 flushing nmethod 0x0000016929b19c90
Event: 53.228 Thread 0x000001693c5520d0 flushing nmethod 0x0000016929b1b810
Event: 53.228 Thread 0x000001693c5520d0 flushing nmethod 0x0000016929b1c110
Event: 53.229 Thread 0x000001693c5520d0 flushing nmethod 0x0000016929b21190
Event: 53.229 Thread 0x000001693c5520d0 flushing nmethod 0x0000016929b24b10
Event: 53.229 Thread 0x000001693c5520d0 flushing nmethod 0x0000016929b28110
Event: 53.229 Thread 0x000001693c5520d0 flushing nmethod 0x0000016929b50d90
Event: 53.229 Thread 0x000001693c5520d0 flushing nmethod 0x0000016929b5c890
Event: 53.229 Thread 0x000001693c5520d0 flushing nmethod 0x0000016929b6e190
Event: 53.229 Thread 0x000001693c5520d0 flushing nmethod 0x0000016929bd3190
Event: 53.229 Thread 0x000001693c5520d0 flushing nmethod 0x0000016929be4210
Event: 53.229 Thread 0x000001693c5520d0 flushing nmethod 0x0000016929be7b90
Event: 53.229 Thread 0x000001693c5520d0 flushing nmethod 0x0000016929be7f10
Event: 53.229 Thread 0x000001693c5520d0 flushing nmethod 0x0000016929c04690
Event: 53.229 Thread 0x000001693c5520d0 flushing nmethod 0x0000016929c0f790


Dynamic libraries:
0x00007ff6e6010000 - 0x00007ff6e601a000 	C:\Program Files\Android\Android Studio\jbr\bin\java.exe
0x00007ffb75250000 - 0x00007ffb75448000 	C:\Windows\SYSTEM32\ntdll.dll
0x00007ffb737b0000 - 0x00007ffb7386f000 	C:\Windows\System32\KERNEL32.DLL
0x00007ffb729a0000 - 0x00007ffb72c96000 	C:\Windows\System32\KERNELBASE.dll
0x00007ffb6fdf0000 - 0x00007ffb6fe81000 	C:\Windows\SYSTEM32\apphelp.dll
0x00007ffb72d80000 - 0x00007ffb72e80000 	C:\Windows\System32\ucrtbase.dll
0x00007ffb67460000 - 0x00007ffb67477000 	C:\Program Files\Android\Android Studio\jbr\bin\jli.dll
0x00007ffb6b2e0000 - 0x00007ffb6b2fb000 	C:\Program Files\Android\Android Studio\jbr\bin\VCRUNTIME140.dll
0x00007ffb73500000 - 0x00007ffb7369d000 	C:\Windows\System32\USER32.dll
0x00007ffb73280000 - 0x00007ffb732a2000 	C:\Windows\System32\win32u.dll
0x00007ffb674b0000 - 0x00007ffb6774a000 	C:\Windows\WinSxS\amd64_microsoft.windows.common-controls_6595b64144ccf1df_6.0.19041.1110_none_60b5254171f9507e\COMCTL32.dll
0x00007ffb73b20000 - 0x00007ffb73b4c000 	C:\Windows\System32\GDI32.dll
0x00007ffb72e80000 - 0x00007ffb72f95000 	C:\Windows\System32\gdi32full.dll
0x00007ffb72fa0000 - 0x00007ffb7303d000 	C:\Windows\System32\msvcp_win.dll
0x00007ffb732b0000 - 0x00007ffb7334e000 	C:\Windows\System32\msvcrt.dll
0x00007ffb74160000 - 0x00007ffb74190000 	C:\Windows\System32\IMM32.DLL
0x00007ffb6e1e0000 - 0x00007ffb6e1ec000 	C:\Program Files\Android\Android Studio\jbr\bin\vcruntime140_1.dll
0x00007ffb57e00000 - 0x00007ffb57e8d000 	C:\Program Files\Android\Android Studio\jbr\bin\msvcp140.dll
0x00007ffb49a60000 - 0x00007ffb4a6ce000 	C:\Program Files\Android\Android Studio\jbr\bin\server\jvm.dll
0x00007ffb736a0000 - 0x00007ffb7374f000 	C:\Windows\System32\ADVAPI32.dll
0x00007ffb74b80000 - 0x00007ffb74c1c000 	C:\Windows\System32\sechost.dll
0x00007ffb73350000 - 0x00007ffb73476000 	C:\Windows\System32\RPCRT4.dll
0x00007ffb6fc90000 - 0x00007ffb6fcb7000 	C:\Windows\SYSTEM32\WINMM.dll
0x00007ffb71090000 - 0x00007ffb7109a000 	C:\Windows\SYSTEM32\VERSION.dll
0x00007ffb6e280000 - 0x00007ffb6e289000 	C:\Windows\SYSTEM32\WSOCK32.dll
0x00007ffb73b50000 - 0x00007ffb73bbb000 	C:\Windows\System32\ws2_32.DLL
0x00007ffb71190000 - 0x00007ffb711a2000 	C:\Windows\SYSTEM32\kernel.appcore.dll
0x00007ffb6dc70000 - 0x00007ffb6dc7a000 	C:\Program Files\Android\Android Studio\jbr\bin\jimage.dll
0x00007ffb5a9e0000 - 0x00007ffb5abc4000 	C:\Windows\SYSTEM32\DBGHELP.DLL
0x00007ffb5a950000 - 0x00007ffb5a984000 	C:\Windows\SYSTEM32\dbgcore.DLL
0x00007ffb73040000 - 0x00007ffb730c2000 	C:\Windows\System32\bcryptPrimitives.dll
0x00007ffb6a2c0000 - 0x00007ffb6a2e5000 	C:\Program Files\Android\Android Studio\jbr\bin\java.dll
0x00007ffb68e60000 - 0x00007ffb68e78000 	C:\Program Files\Android\Android Studio\jbr\bin\zip.dll
0x00007ffb74190000 - 0x00007ffb748d4000 	C:\Windows\System32\SHELL32.dll
0x00007ffb708e0000 - 0x00007ffb71073000 	C:\Windows\SYSTEM32\windows.storage.dll
0x00007ffb73d70000 - 0x00007ffb740c4000 	C:\Windows\System32\combase.dll
0x00007ffb722a0000 - 0x00007ffb722ce000 	C:\Windows\SYSTEM32\Wldp.dll
0x00007ffb739c0000 - 0x00007ffb73a6d000 	C:\Windows\System32\SHCORE.dll
0x00007ffb74c20000 - 0x00007ffb74c75000 	C:\Windows\System32\shlwapi.dll
0x00007ffb72870000 - 0x00007ffb7288f000 	C:\Windows\SYSTEM32\profapi.dll
0x00007ffb68e20000 - 0x00007ffb68e39000 	C:\Program Files\Android\Android Studio\jbr\bin\net.dll
0x00007ffb6c320000 - 0x00007ffb6c42a000 	C:\Windows\SYSTEM32\WINHTTP.dll
0x00007ffb72000000 - 0x00007ffb7206a000 	C:\Windows\system32\mswsock.dll
0x00007ffb68c30000 - 0x00007ffb68c46000 	C:\Program Files\Android\Android Studio\jbr\bin\nio.dll
0x00007ffb6cfa0000 - 0x00007ffb6cfb0000 	C:\Program Files\Android\Android Studio\jbr\bin\verify.dll

dbghelp: loaded successfully - version: 4.0.5 - missing functions: none
symbol engine: initialized successfully - sym options: 0x614 - pdb path: .;C:\Program Files\Android\Android Studio\jbr\bin;C:\Windows\SYSTEM32;C:\Windows\WinSxS\amd64_microsoft.windows.common-controls_6595b64144ccf1df_6.0.19041.1110_none_60b5254171f9507e;C:\Program Files\Android\Android Studio\jbr\bin\server

VM Arguments:
java_command: org.jetbrains.kotlin.cli.jvm.K2JVMCompiler @C:\Users\Mess\AndroidStudioProjects\DairyAppgfr\app\build\20231115_3588245750911470710.compiler.options
java_class_path (initial): C:\Users\Mess\.gradle\caches\modules-2\files-2.1\org.jetbrains.kotlin\kotlin-compiler-embeddable\1.9.20\b44d2f7d8c1c67c0ed66d40e57e52623ca753db7\kotlin-compiler-embeddable-1.9.20.jar;C:\Users\Mess\.gradle\caches\modules-2\files-2.1\org.jetbrains.kotlin\kotlin-stdlib\1.9.20\e58b4816ac517e9cc5df1db051120c63d4cde669\kotlin-stdlib-1.9.20.jar;C:\Users\Mess\.gradle\caches\modules-2\files-2.1\org.jetbrains.kotlin\kotlin-script-runtime\1.9.20\6fdfef711b8e07f1a4d0979a60acd7bc8a800777\kotlin-script-runtime-1.9.20.jar;C:\Users\Mess\.gradle\caches\modules-2\files-2.1\org.jetbrains.kotlin\kotlin-reflect\1.6.10\1cbe9c92c12a94eea200d23c2bbaedaf3daf5132\kotlin-reflect-1.6.10.jar;C:\Users\Mess\.gradle\caches\modules-2\files-2.1\org.jetbrains.kotlin\kotlin-daemon-embeddable\1.9.20\a2a6b491bc53049e2f1af33245481db49034ba52\kotlin-daemon-embeddable-1.9.20.jar;C:\Users\Mess\.gradle\caches\modules-2\files-2.1\org.jetbrains.intellij.deps\trove4j\1.0.20200330\3afb14d5f9ceb459d724e907a21145e8ff394f02\trove4j-1.0.20200330.jar;C:\Users\Mess\.gradle\caches\modules-2\files-2.1\org.jetbrains\annotations\13.0\919f0dfe192fb4e063e7dacadee7f8bb9a2672a9\annotations-13.0.jar
Launcher Type: SUN_STANDARD

[Global flags]
     intx CICompilerCount                          = 3                                         {product} {ergonomic}
     uint ConcGCThreads                            = 1                                         {product} {ergonomic}
     uint G1ConcRefinementThreads                  = 4                                         {product} {ergonomic}
   size_t G1HeapRegionSize                         = 1048576                                   {product} {ergonomic}
    uintx GCDrainStackTargetSize                   = 64                                        {product} {ergonomic}
   size_t InitialHeapSize                          = 100663296                                 {product} {ergonomic}
   size_t MarkStackSize                            = 4194304                                   {product} {ergonomic}
   size_t MaxHeapSize                              = 1608515584                                {product} {ergonomic}
   size_t MaxNewSize                               = 964689920                                 {product} {ergonomic}
   size_t MinHeapDeltaBytes                        = 1048576                                   {product} {ergonomic}
   size_t MinHeapSize                              = 8388608                                   {product} {ergonomic}
    uintx NonNMethodCodeHeapSize                   = 5832780                                {pd product} {ergonomic}
    uintx NonProfiledCodeHeapSize                  = 122912730                              {pd product} {ergonomic}
    uintx ProfiledCodeHeapSize                     = 122912730                              {pd product} {ergonomic}
    uintx ReservedCodeCacheSize                    = 251658240                              {pd product} {ergonomic}
     bool SegmentedCodeCache                       = true                                      {product} {ergonomic}
   size_t SoftMaxHeapSize                          = 1608515584                             {manageable} {ergonomic}
     bool UseCompressedClassPointers               = true                           {product lp64_product} {ergonomic}
     bool UseCompressedOops                        = true                           {product lp64_product} {ergonomic}
     bool UseG1GC                                  = true                                      {product} {ergonomic}
     bool UseLargePagesIndividualAllocation        = false                                  {pd product} {ergonomic}

Logging:
Log output configuration:
 #0: stdout all=warning uptime,level,tags
 #1: stderr all=off uptime,level,tags

Environment Variables:
PATH=C:\Windows\system32;C:\Windows;C:\Windows\System32\Wbem;C:\Windows\System32\WindowsPowerShell\v1.0\;C:\Windows\System32\OpenSSH\;C:\Program Files\Git\cmd;C:\Users\Mess\AppData\Local\Microsoft\WindowsApps;
USERNAME=Mess
OS=Windows_NT
PROCESSOR_IDENTIFIER=Intel64 Family 6 Model 30 Stepping 5, GenuineIntel
TMP=C:\Users\Mess\AppData\Local\Temp
TEMP=C:\Users\Mess\AppData\Local\Temp


JNI global refs:
JNI global refs: 9, weak refs: 7

JNI global refs memory usage: 843, weak refs: 841


---------------  S Y S T E M  ---------------

OS:
 Windows 10 , 64 bit Build 19041 (10.0.19041.3031)
OS uptime: 2 days 22:53 hours

CPU: total 4 (initial active 4) (4 cores per cpu, 1 threads per core) family 6 model 30 stepping 5 microcode 0xa, cx8, cmov, fxsr, mmx, sse, sse2, sse3, ssse3, sse4.1, sse4.2, popcnt, tsc, tscinvbit, clflush

Memory: 4k page, system-wide physical 6134M (70M free)
TotalPageFile size 14134M (AvailPageFile size 6M)
current process WorkingSet (physical memory assigned to process): 383M, peak: 383M
current process commit charge ("private bytes"): 434M, peak: 435M

vm_info: OpenJDK 64-Bit Server VM (17.0.6+0-b2043.56-10027231) for windows-amd64 JRE (17.0.6+0-b2043.56-10027231), built on Apr 28 2023 00:43:19 by "androidbuild" with MS VC++ 16.10 / 16.11 (VS2019)

END.
